[2025-03-10 10:55:55,747] INFO [django.utils.autoreload] Watching for file changes with StatReloader
[2025-03-10 11:32:11,556] INFO [django.utils.autoreload] E:\expense_tracker\expenses\views.py changed, reloading.
[2025-03-10 11:32:12,852] INFO [django.utils.autoreload] Watching for file changes with StatReloader
[2025-03-10 11:39:03,302] INFO [django.utils.autoreload] E:\expense_tracker\expense_tracker\settings.py changed, reloading.
[2025-03-10 11:39:05,100] INFO [django.utils.autoreload] Watching for file changes with StatReloader
[2025-03-10 11:39:09,991] INFO [django.utils.autoreload] E:\expense_tracker\expense_tracker\settings.py changed, reloading.
[2025-03-10 11:39:11,364] INFO [django.utils.autoreload] Watching for file changes with StatReloader
[2025-03-10 11:40:44,868] INFO [django.utils.autoreload] E:\expense_tracker\expense_tracker\urls.py changed, reloading.
[2025-03-10 11:40:46,044] INFO [django.utils.autoreload] Watching for file changes with StatReloader
[2025-03-10 11:41:24,904] WARNING [drf_yasg.inspectors.base] view's ExpenseDetailView raised exception during schema generation; use `getattr(self, 'swagger_fake_view', False)` to detect and short-circuit this
Traceback (most recent call last):
  File "E:\expense_tracker\venv\Lib\site-packages\django\db\models\fields\__init__.py", line 2123, in get_prep_value
    return int(value)
           ^^^^^^^^^^
  File "E:\expense_tracker\venv\Lib\site-packages\django\contrib\auth\models.py", line 438, in __int__
    raise TypeError(
TypeError: Cannot cast AnonymousUser to int. Are you trying to use it in place of User?

The above exception was the direct cause of the following exception:

Traceback (most recent call last):
  File "E:\expense_tracker\venv\Lib\site-packages\drf_yasg\inspectors\base.py", line 42, in call_view_method
    return view_method()
           ^^^^^^^^^^^^^
  File "E:\expense_tracker\expenses\views.py", line 81, in get_queryset
    return Expense.objects.filter(user=self.request.user)
           ^^^^^^^^^^^^^^^^^^^^^^^^^^^^^^^^^^^^^^^^^^^^^^
  File "E:\expense_tracker\venv\Lib\site-packages\django\db\models\manager.py", line 87, in manager_method
    return getattr(self.get_queryset(), name)(*args, **kwargs)
           ^^^^^^^^^^^^^^^^^^^^^^^^^^^^^^^^^^^^^^^^^^^^^^^^^^^
  File "E:\expense_tracker\venv\Lib\site-packages\django\db\models\query.py", line 1476, in filter
    return self._filter_or_exclude(False, args, kwargs)
           ^^^^^^^^^^^^^^^^^^^^^^^^^^^^^^^^^^^^^^^^^^^^
  File "E:\expense_tracker\venv\Lib\site-packages\django\db\models\query.py", line 1494, in _filter_or_exclude
    clone._filter_or_exclude_inplace(negate, args, kwargs)
  File "E:\expense_tracker\venv\Lib\site-packages\django\db\models\query.py", line 1501, in _filter_or_exclude_inplace
    self._query.add_q(Q(*args, **kwargs))
  File "E:\expense_tracker\venv\Lib\site-packages\django\db\models\sql\query.py", line 1609, in add_q
    clause, _ = self._add_q(q_object, self.used_aliases)
                ^^^^^^^^^^^^^^^^^^^^^^^^^^^^^^^^^^^^^^^^
  File "E:\expense_tracker\venv\Lib\site-packages\django\db\models\sql\query.py", line 1641, in _add_q
    child_clause, needed_inner = self.build_filter(
                                 ^^^^^^^^^^^^^^^^^^
  File "E:\expense_tracker\venv\Lib\site-packages\django\db\models\sql\query.py", line 1555, in build_filter
    condition = self.build_lookup(lookups, col, value)
                ^^^^^^^^^^^^^^^^^^^^^^^^^^^^^^^^^^^^^^
  File "E:\expense_tracker\venv\Lib\site-packages\django\db\models\sql\query.py", line 1385, in build_lookup
    lookup = lookup_class(lhs, rhs)
             ^^^^^^^^^^^^^^^^^^^^^^
  File "E:\expense_tracker\venv\Lib\site-packages\django\db\models\lookups.py", line 30, in __init__
    self.rhs = self.get_prep_lookup()
               ^^^^^^^^^^^^^^^^^^^^^^
  File "E:\expense_tracker\venv\Lib\site-packages\django\db\models\fields\related_lookups.py", line 156, in get_prep_lookup
    self.rhs = target_field.get_prep_value(self.rhs)
               ^^^^^^^^^^^^^^^^^^^^^^^^^^^^^^^^^^^^^
  File "E:\expense_tracker\venv\Lib\site-packages\django\db\models\fields\__init__.py", line 2125, in get_prep_value
    raise e.__class__(
TypeError: Field 'id' expected a number but got <django.contrib.auth.models.AnonymousUser object at 0x000001F3F25F29F0>.
[2025-03-10 11:41:25,127] WARNING [drf_yasg.inspectors.base] view's ExpenseDetailView raised exception during schema generation; use `getattr(self, 'swagger_fake_view', False)` to detect and short-circuit this
Traceback (most recent call last):
  File "E:\expense_tracker\venv\Lib\site-packages\django\db\models\fields\__init__.py", line 2123, in get_prep_value
    return int(value)
           ^^^^^^^^^^
  File "E:\expense_tracker\venv\Lib\site-packages\django\contrib\auth\models.py", line 438, in __int__
    raise TypeError(
TypeError: Cannot cast AnonymousUser to int. Are you trying to use it in place of User?

The above exception was the direct cause of the following exception:

Traceback (most recent call last):
  File "E:\expense_tracker\venv\Lib\site-packages\drf_yasg\inspectors\base.py", line 42, in call_view_method
    return view_method()
           ^^^^^^^^^^^^^
  File "E:\expense_tracker\expenses\views.py", line 81, in get_queryset
    return Expense.objects.filter(user=self.request.user)
           ^^^^^^^^^^^^^^^^^^^^^^^^^^^^^^^^^^^^^^^^^^^^^^
  File "E:\expense_tracker\venv\Lib\site-packages\django\db\models\manager.py", line 87, in manager_method
    return getattr(self.get_queryset(), name)(*args, **kwargs)
           ^^^^^^^^^^^^^^^^^^^^^^^^^^^^^^^^^^^^^^^^^^^^^^^^^^^
  File "E:\expense_tracker\venv\Lib\site-packages\django\db\models\query.py", line 1476, in filter
    return self._filter_or_exclude(False, args, kwargs)
           ^^^^^^^^^^^^^^^^^^^^^^^^^^^^^^^^^^^^^^^^^^^^
  File "E:\expense_tracker\venv\Lib\site-packages\django\db\models\query.py", line 1494, in _filter_or_exclude
    clone._filter_or_exclude_inplace(negate, args, kwargs)
  File "E:\expense_tracker\venv\Lib\site-packages\django\db\models\query.py", line 1501, in _filter_or_exclude_inplace
    self._query.add_q(Q(*args, **kwargs))
  File "E:\expense_tracker\venv\Lib\site-packages\django\db\models\sql\query.py", line 1609, in add_q
    clause, _ = self._add_q(q_object, self.used_aliases)
                ^^^^^^^^^^^^^^^^^^^^^^^^^^^^^^^^^^^^^^^^
  File "E:\expense_tracker\venv\Lib\site-packages\django\db\models\sql\query.py", line 1641, in _add_q
    child_clause, needed_inner = self.build_filter(
                                 ^^^^^^^^^^^^^^^^^^
  File "E:\expense_tracker\venv\Lib\site-packages\django\db\models\sql\query.py", line 1555, in build_filter
    condition = self.build_lookup(lookups, col, value)
                ^^^^^^^^^^^^^^^^^^^^^^^^^^^^^^^^^^^^^^
  File "E:\expense_tracker\venv\Lib\site-packages\django\db\models\sql\query.py", line 1385, in build_lookup
    lookup = lookup_class(lhs, rhs)
             ^^^^^^^^^^^^^^^^^^^^^^
  File "E:\expense_tracker\venv\Lib\site-packages\django\db\models\lookups.py", line 30, in __init__
    self.rhs = self.get_prep_lookup()
               ^^^^^^^^^^^^^^^^^^^^^^
  File "E:\expense_tracker\venv\Lib\site-packages\django\db\models\fields\related_lookups.py", line 156, in get_prep_lookup
    self.rhs = target_field.get_prep_value(self.rhs)
               ^^^^^^^^^^^^^^^^^^^^^^^^^^^^^^^^^^^^^
  File "E:\expense_tracker\venv\Lib\site-packages\django\db\models\fields\__init__.py", line 2125, in get_prep_value
    raise e.__class__(
TypeError: Field 'id' expected a number but got <django.contrib.auth.models.AnonymousUser object at 0x000001F3F25F29F0>.
[2025-03-10 11:41:25,127] WARNING [drf_yasg.inspectors.base] view's ExpenseDetailView raised exception during schema generation; use `getattr(self, 'swagger_fake_view', False)` to detect and short-circuit this
Traceback (most recent call last):
  File "E:\expense_tracker\venv\Lib\site-packages\django\db\models\fields\__init__.py", line 2123, in get_prep_value
    return int(value)
           ^^^^^^^^^^
  File "E:\expense_tracker\venv\Lib\site-packages\django\contrib\auth\models.py", line 438, in __int__
    raise TypeError(
TypeError: Cannot cast AnonymousUser to int. Are you trying to use it in place of User?

The above exception was the direct cause of the following exception:

Traceback (most recent call last):
  File "E:\expense_tracker\venv\Lib\site-packages\drf_yasg\inspectors\base.py", line 42, in call_view_method
    return view_method()
           ^^^^^^^^^^^^^
  File "E:\expense_tracker\expenses\views.py", line 81, in get_queryset
    return Expense.objects.filter(user=self.request.user)
           ^^^^^^^^^^^^^^^^^^^^^^^^^^^^^^^^^^^^^^^^^^^^^^
  File "E:\expense_tracker\venv\Lib\site-packages\django\db\models\manager.py", line 87, in manager_method
    return getattr(self.get_queryset(), name)(*args, **kwargs)
           ^^^^^^^^^^^^^^^^^^^^^^^^^^^^^^^^^^^^^^^^^^^^^^^^^^^
  File "E:\expense_tracker\venv\Lib\site-packages\django\db\models\query.py", line 1476, in filter
    return self._filter_or_exclude(False, args, kwargs)
           ^^^^^^^^^^^^^^^^^^^^^^^^^^^^^^^^^^^^^^^^^^^^
  File "E:\expense_tracker\venv\Lib\site-packages\django\db\models\query.py", line 1494, in _filter_or_exclude
    clone._filter_or_exclude_inplace(negate, args, kwargs)
  File "E:\expense_tracker\venv\Lib\site-packages\django\db\models\query.py", line 1501, in _filter_or_exclude_inplace
    self._query.add_q(Q(*args, **kwargs))
  File "E:\expense_tracker\venv\Lib\site-packages\django\db\models\sql\query.py", line 1609, in add_q
    clause, _ = self._add_q(q_object, self.used_aliases)
                ^^^^^^^^^^^^^^^^^^^^^^^^^^^^^^^^^^^^^^^^
  File "E:\expense_tracker\venv\Lib\site-packages\django\db\models\sql\query.py", line 1641, in _add_q
    child_clause, needed_inner = self.build_filter(
                                 ^^^^^^^^^^^^^^^^^^
  File "E:\expense_tracker\venv\Lib\site-packages\django\db\models\sql\query.py", line 1555, in build_filter
    condition = self.build_lookup(lookups, col, value)
                ^^^^^^^^^^^^^^^^^^^^^^^^^^^^^^^^^^^^^^
  File "E:\expense_tracker\venv\Lib\site-packages\django\db\models\sql\query.py", line 1385, in build_lookup
    lookup = lookup_class(lhs, rhs)
             ^^^^^^^^^^^^^^^^^^^^^^
  File "E:\expense_tracker\venv\Lib\site-packages\django\db\models\lookups.py", line 30, in __init__
    self.rhs = self.get_prep_lookup()
               ^^^^^^^^^^^^^^^^^^^^^^
  File "E:\expense_tracker\venv\Lib\site-packages\django\db\models\fields\related_lookups.py", line 156, in get_prep_lookup
    self.rhs = target_field.get_prep_value(self.rhs)
               ^^^^^^^^^^^^^^^^^^^^^^^^^^^^^^^^^^^^^
  File "E:\expense_tracker\venv\Lib\site-packages\django\db\models\fields\__init__.py", line 2125, in get_prep_value
    raise e.__class__(
TypeError: Field 'id' expected a number but got <django.contrib.auth.models.AnonymousUser object at 0x000001F3F25F29F0>.
[2025-03-10 11:41:25,127] WARNING [drf_yasg.inspectors.base] view's ExpenseDetailView raised exception during schema generation; use `getattr(self, 'swagger_fake_view', False)` to detect and short-circuit this
Traceback (most recent call last):
  File "E:\expense_tracker\venv\Lib\site-packages\django\db\models\fields\__init__.py", line 2123, in get_prep_value
    return int(value)
           ^^^^^^^^^^
  File "E:\expense_tracker\venv\Lib\site-packages\django\contrib\auth\models.py", line 438, in __int__
    raise TypeError(
TypeError: Cannot cast AnonymousUser to int. Are you trying to use it in place of User?

The above exception was the direct cause of the following exception:

Traceback (most recent call last):
  File "E:\expense_tracker\venv\Lib\site-packages\drf_yasg\inspectors\base.py", line 42, in call_view_method
    return view_method()
           ^^^^^^^^^^^^^
  File "E:\expense_tracker\expenses\views.py", line 81, in get_queryset
    return Expense.objects.filter(user=self.request.user)
           ^^^^^^^^^^^^^^^^^^^^^^^^^^^^^^^^^^^^^^^^^^^^^^
  File "E:\expense_tracker\venv\Lib\site-packages\django\db\models\manager.py", line 87, in manager_method
    return getattr(self.get_queryset(), name)(*args, **kwargs)
           ^^^^^^^^^^^^^^^^^^^^^^^^^^^^^^^^^^^^^^^^^^^^^^^^^^^
  File "E:\expense_tracker\venv\Lib\site-packages\django\db\models\query.py", line 1476, in filter
    return self._filter_or_exclude(False, args, kwargs)
           ^^^^^^^^^^^^^^^^^^^^^^^^^^^^^^^^^^^^^^^^^^^^
  File "E:\expense_tracker\venv\Lib\site-packages\django\db\models\query.py", line 1494, in _filter_or_exclude
    clone._filter_or_exclude_inplace(negate, args, kwargs)
  File "E:\expense_tracker\venv\Lib\site-packages\django\db\models\query.py", line 1501, in _filter_or_exclude_inplace
    self._query.add_q(Q(*args, **kwargs))
  File "E:\expense_tracker\venv\Lib\site-packages\django\db\models\sql\query.py", line 1609, in add_q
    clause, _ = self._add_q(q_object, self.used_aliases)
                ^^^^^^^^^^^^^^^^^^^^^^^^^^^^^^^^^^^^^^^^
  File "E:\expense_tracker\venv\Lib\site-packages\django\db\models\sql\query.py", line 1641, in _add_q
    child_clause, needed_inner = self.build_filter(
                                 ^^^^^^^^^^^^^^^^^^
  File "E:\expense_tracker\venv\Lib\site-packages\django\db\models\sql\query.py", line 1555, in build_filter
    condition = self.build_lookup(lookups, col, value)
                ^^^^^^^^^^^^^^^^^^^^^^^^^^^^^^^^^^^^^^
  File "E:\expense_tracker\venv\Lib\site-packages\django\db\models\sql\query.py", line 1385, in build_lookup
    lookup = lookup_class(lhs, rhs)
             ^^^^^^^^^^^^^^^^^^^^^^
  File "E:\expense_tracker\venv\Lib\site-packages\django\db\models\lookups.py", line 30, in __init__
    self.rhs = self.get_prep_lookup()
               ^^^^^^^^^^^^^^^^^^^^^^
  File "E:\expense_tracker\venv\Lib\site-packages\django\db\models\fields\related_lookups.py", line 156, in get_prep_lookup
    self.rhs = target_field.get_prep_value(self.rhs)
               ^^^^^^^^^^^^^^^^^^^^^^^^^^^^^^^^^^^^^
  File "E:\expense_tracker\venv\Lib\site-packages\django\db\models\fields\__init__.py", line 2125, in get_prep_value
    raise e.__class__(
TypeError: Field 'id' expected a number but got <django.contrib.auth.models.AnonymousUser object at 0x000001F3F25F29F0>.
[2025-03-10 11:43:51,238] INFO [accounts.views] Login failed: {'username': [ErrorDetail(string='This field is required.', code='required')], 'password': [ErrorDetail(string='This field is required.', code='required')]}
[2025-03-10 11:45:47,010] INFO [accounts.views] Login failed: {'username': [ErrorDetail(string='This field is required.', code='required')], 'password': [ErrorDetail(string='This field is required.', code='required')]}
[2025-03-10 11:46:54,570] WARNING [drf_yasg.inspectors.base] view's ExpenseDetailView raised exception during schema generation; use `getattr(self, 'swagger_fake_view', False)` to detect and short-circuit this
Traceback (most recent call last):
  File "E:\expense_tracker\venv\Lib\site-packages\django\db\models\fields\__init__.py", line 2123, in get_prep_value
    return int(value)
           ^^^^^^^^^^
  File "E:\expense_tracker\venv\Lib\site-packages\django\contrib\auth\models.py", line 438, in __int__
    raise TypeError(
TypeError: Cannot cast AnonymousUser to int. Are you trying to use it in place of User?

The above exception was the direct cause of the following exception:

Traceback (most recent call last):
  File "E:\expense_tracker\venv\Lib\site-packages\drf_yasg\inspectors\base.py", line 42, in call_view_method
    return view_method()
           ^^^^^^^^^^^^^
  File "E:\expense_tracker\expenses\views.py", line 81, in get_queryset
    return Expense.objects.filter(user=self.request.user)
           ^^^^^^^^^^^^^^^^^^^^^^^^^^^^^^^^^^^^^^^^^^^^^^
  File "E:\expense_tracker\venv\Lib\site-packages\django\db\models\manager.py", line 87, in manager_method
    return getattr(self.get_queryset(), name)(*args, **kwargs)
           ^^^^^^^^^^^^^^^^^^^^^^^^^^^^^^^^^^^^^^^^^^^^^^^^^^^
  File "E:\expense_tracker\venv\Lib\site-packages\django\db\models\query.py", line 1476, in filter
    return self._filter_or_exclude(False, args, kwargs)
           ^^^^^^^^^^^^^^^^^^^^^^^^^^^^^^^^^^^^^^^^^^^^
  File "E:\expense_tracker\venv\Lib\site-packages\django\db\models\query.py", line 1494, in _filter_or_exclude
    clone._filter_or_exclude_inplace(negate, args, kwargs)
  File "E:\expense_tracker\venv\Lib\site-packages\django\db\models\query.py", line 1501, in _filter_or_exclude_inplace
    self._query.add_q(Q(*args, **kwargs))
  File "E:\expense_tracker\venv\Lib\site-packages\django\db\models\sql\query.py", line 1609, in add_q
    clause, _ = self._add_q(q_object, self.used_aliases)
                ^^^^^^^^^^^^^^^^^^^^^^^^^^^^^^^^^^^^^^^^
  File "E:\expense_tracker\venv\Lib\site-packages\django\db\models\sql\query.py", line 1641, in _add_q
    child_clause, needed_inner = self.build_filter(
                                 ^^^^^^^^^^^^^^^^^^
  File "E:\expense_tracker\venv\Lib\site-packages\django\db\models\sql\query.py", line 1555, in build_filter
    condition = self.build_lookup(lookups, col, value)
                ^^^^^^^^^^^^^^^^^^^^^^^^^^^^^^^^^^^^^^
  File "E:\expense_tracker\venv\Lib\site-packages\django\db\models\sql\query.py", line 1385, in build_lookup
    lookup = lookup_class(lhs, rhs)
             ^^^^^^^^^^^^^^^^^^^^^^
  File "E:\expense_tracker\venv\Lib\site-packages\django\db\models\lookups.py", line 30, in __init__
    self.rhs = self.get_prep_lookup()
               ^^^^^^^^^^^^^^^^^^^^^^
  File "E:\expense_tracker\venv\Lib\site-packages\django\db\models\fields\related_lookups.py", line 156, in get_prep_lookup
    self.rhs = target_field.get_prep_value(self.rhs)
               ^^^^^^^^^^^^^^^^^^^^^^^^^^^^^^^^^^^^^
  File "E:\expense_tracker\venv\Lib\site-packages\django\db\models\fields\__init__.py", line 2125, in get_prep_value
    raise e.__class__(
TypeError: Field 'id' expected a number but got <django.contrib.auth.models.AnonymousUser object at 0x000001F3F27086B0>.
[2025-03-10 11:46:54,589] WARNING [drf_yasg.inspectors.base] view's ExpenseDetailView raised exception during schema generation; use `getattr(self, 'swagger_fake_view', False)` to detect and short-circuit this
Traceback (most recent call last):
  File "E:\expense_tracker\venv\Lib\site-packages\django\db\models\fields\__init__.py", line 2123, in get_prep_value
    return int(value)
           ^^^^^^^^^^
  File "E:\expense_tracker\venv\Lib\site-packages\django\contrib\auth\models.py", line 438, in __int__
    raise TypeError(
TypeError: Cannot cast AnonymousUser to int. Are you trying to use it in place of User?

The above exception was the direct cause of the following exception:

Traceback (most recent call last):
  File "E:\expense_tracker\venv\Lib\site-packages\drf_yasg\inspectors\base.py", line 42, in call_view_method
    return view_method()
           ^^^^^^^^^^^^^
  File "E:\expense_tracker\expenses\views.py", line 81, in get_queryset
    return Expense.objects.filter(user=self.request.user)
           ^^^^^^^^^^^^^^^^^^^^^^^^^^^^^^^^^^^^^^^^^^^^^^
  File "E:\expense_tracker\venv\Lib\site-packages\django\db\models\manager.py", line 87, in manager_method
    return getattr(self.get_queryset(), name)(*args, **kwargs)
           ^^^^^^^^^^^^^^^^^^^^^^^^^^^^^^^^^^^^^^^^^^^^^^^^^^^
  File "E:\expense_tracker\venv\Lib\site-packages\django\db\models\query.py", line 1476, in filter
    return self._filter_or_exclude(False, args, kwargs)
           ^^^^^^^^^^^^^^^^^^^^^^^^^^^^^^^^^^^^^^^^^^^^
  File "E:\expense_tracker\venv\Lib\site-packages\django\db\models\query.py", line 1494, in _filter_or_exclude
    clone._filter_or_exclude_inplace(negate, args, kwargs)
  File "E:\expense_tracker\venv\Lib\site-packages\django\db\models\query.py", line 1501, in _filter_or_exclude_inplace
    self._query.add_q(Q(*args, **kwargs))
  File "E:\expense_tracker\venv\Lib\site-packages\django\db\models\sql\query.py", line 1609, in add_q
    clause, _ = self._add_q(q_object, self.used_aliases)
                ^^^^^^^^^^^^^^^^^^^^^^^^^^^^^^^^^^^^^^^^
  File "E:\expense_tracker\venv\Lib\site-packages\django\db\models\sql\query.py", line 1641, in _add_q
    child_clause, needed_inner = self.build_filter(
                                 ^^^^^^^^^^^^^^^^^^
  File "E:\expense_tracker\venv\Lib\site-packages\django\db\models\sql\query.py", line 1555, in build_filter
    condition = self.build_lookup(lookups, col, value)
                ^^^^^^^^^^^^^^^^^^^^^^^^^^^^^^^^^^^^^^
  File "E:\expense_tracker\venv\Lib\site-packages\django\db\models\sql\query.py", line 1385, in build_lookup
    lookup = lookup_class(lhs, rhs)
             ^^^^^^^^^^^^^^^^^^^^^^
  File "E:\expense_tracker\venv\Lib\site-packages\django\db\models\lookups.py", line 30, in __init__
    self.rhs = self.get_prep_lookup()
               ^^^^^^^^^^^^^^^^^^^^^^
  File "E:\expense_tracker\venv\Lib\site-packages\django\db\models\fields\related_lookups.py", line 156, in get_prep_lookup
    self.rhs = target_field.get_prep_value(self.rhs)
               ^^^^^^^^^^^^^^^^^^^^^^^^^^^^^^^^^^^^^
  File "E:\expense_tracker\venv\Lib\site-packages\django\db\models\fields\__init__.py", line 2125, in get_prep_value
    raise e.__class__(
TypeError: Field 'id' expected a number but got <django.contrib.auth.models.AnonymousUser object at 0x000001F3F27086B0>.
[2025-03-10 11:46:54,589] WARNING [drf_yasg.inspectors.base] view's ExpenseDetailView raised exception during schema generation; use `getattr(self, 'swagger_fake_view', False)` to detect and short-circuit this
Traceback (most recent call last):
  File "E:\expense_tracker\venv\Lib\site-packages\django\db\models\fields\__init__.py", line 2123, in get_prep_value
    return int(value)
           ^^^^^^^^^^
  File "E:\expense_tracker\venv\Lib\site-packages\django\contrib\auth\models.py", line 438, in __int__
    raise TypeError(
TypeError: Cannot cast AnonymousUser to int. Are you trying to use it in place of User?

The above exception was the direct cause of the following exception:

Traceback (most recent call last):
  File "E:\expense_tracker\venv\Lib\site-packages\drf_yasg\inspectors\base.py", line 42, in call_view_method
    return view_method()
           ^^^^^^^^^^^^^
  File "E:\expense_tracker\expenses\views.py", line 81, in get_queryset
    return Expense.objects.filter(user=self.request.user)
           ^^^^^^^^^^^^^^^^^^^^^^^^^^^^^^^^^^^^^^^^^^^^^^
  File "E:\expense_tracker\venv\Lib\site-packages\django\db\models\manager.py", line 87, in manager_method
    return getattr(self.get_queryset(), name)(*args, **kwargs)
           ^^^^^^^^^^^^^^^^^^^^^^^^^^^^^^^^^^^^^^^^^^^^^^^^^^^
  File "E:\expense_tracker\venv\Lib\site-packages\django\db\models\query.py", line 1476, in filter
    return self._filter_or_exclude(False, args, kwargs)
           ^^^^^^^^^^^^^^^^^^^^^^^^^^^^^^^^^^^^^^^^^^^^
  File "E:\expense_tracker\venv\Lib\site-packages\django\db\models\query.py", line 1494, in _filter_or_exclude
    clone._filter_or_exclude_inplace(negate, args, kwargs)
  File "E:\expense_tracker\venv\Lib\site-packages\django\db\models\query.py", line 1501, in _filter_or_exclude_inplace
    self._query.add_q(Q(*args, **kwargs))
  File "E:\expense_tracker\venv\Lib\site-packages\django\db\models\sql\query.py", line 1609, in add_q
    clause, _ = self._add_q(q_object, self.used_aliases)
                ^^^^^^^^^^^^^^^^^^^^^^^^^^^^^^^^^^^^^^^^
  File "E:\expense_tracker\venv\Lib\site-packages\django\db\models\sql\query.py", line 1641, in _add_q
    child_clause, needed_inner = self.build_filter(
                                 ^^^^^^^^^^^^^^^^^^
  File "E:\expense_tracker\venv\Lib\site-packages\django\db\models\sql\query.py", line 1555, in build_filter
    condition = self.build_lookup(lookups, col, value)
                ^^^^^^^^^^^^^^^^^^^^^^^^^^^^^^^^^^^^^^
  File "E:\expense_tracker\venv\Lib\site-packages\django\db\models\sql\query.py", line 1385, in build_lookup
    lookup = lookup_class(lhs, rhs)
             ^^^^^^^^^^^^^^^^^^^^^^
  File "E:\expense_tracker\venv\Lib\site-packages\django\db\models\lookups.py", line 30, in __init__
    self.rhs = self.get_prep_lookup()
               ^^^^^^^^^^^^^^^^^^^^^^
  File "E:\expense_tracker\venv\Lib\site-packages\django\db\models\fields\related_lookups.py", line 156, in get_prep_lookup
    self.rhs = target_field.get_prep_value(self.rhs)
               ^^^^^^^^^^^^^^^^^^^^^^^^^^^^^^^^^^^^^
  File "E:\expense_tracker\venv\Lib\site-packages\django\db\models\fields\__init__.py", line 2125, in get_prep_value
    raise e.__class__(
TypeError: Field 'id' expected a number but got <django.contrib.auth.models.AnonymousUser object at 0x000001F3F27086B0>.
[2025-03-10 11:46:54,601] WARNING [drf_yasg.inspectors.base] view's ExpenseDetailView raised exception during schema generation; use `getattr(self, 'swagger_fake_view', False)` to detect and short-circuit this
Traceback (most recent call last):
  File "E:\expense_tracker\venv\Lib\site-packages\django\db\models\fields\__init__.py", line 2123, in get_prep_value
    return int(value)
           ^^^^^^^^^^
  File "E:\expense_tracker\venv\Lib\site-packages\django\contrib\auth\models.py", line 438, in __int__
    raise TypeError(
TypeError: Cannot cast AnonymousUser to int. Are you trying to use it in place of User?

The above exception was the direct cause of the following exception:

Traceback (most recent call last):
  File "E:\expense_tracker\venv\Lib\site-packages\drf_yasg\inspectors\base.py", line 42, in call_view_method
    return view_method()
           ^^^^^^^^^^^^^
  File "E:\expense_tracker\expenses\views.py", line 81, in get_queryset
    return Expense.objects.filter(user=self.request.user)
           ^^^^^^^^^^^^^^^^^^^^^^^^^^^^^^^^^^^^^^^^^^^^^^
  File "E:\expense_tracker\venv\Lib\site-packages\django\db\models\manager.py", line 87, in manager_method
    return getattr(self.get_queryset(), name)(*args, **kwargs)
           ^^^^^^^^^^^^^^^^^^^^^^^^^^^^^^^^^^^^^^^^^^^^^^^^^^^
  File "E:\expense_tracker\venv\Lib\site-packages\django\db\models\query.py", line 1476, in filter
    return self._filter_or_exclude(False, args, kwargs)
           ^^^^^^^^^^^^^^^^^^^^^^^^^^^^^^^^^^^^^^^^^^^^
  File "E:\expense_tracker\venv\Lib\site-packages\django\db\models\query.py", line 1494, in _filter_or_exclude
    clone._filter_or_exclude_inplace(negate, args, kwargs)
  File "E:\expense_tracker\venv\Lib\site-packages\django\db\models\query.py", line 1501, in _filter_or_exclude_inplace
    self._query.add_q(Q(*args, **kwargs))
  File "E:\expense_tracker\venv\Lib\site-packages\django\db\models\sql\query.py", line 1609, in add_q
    clause, _ = self._add_q(q_object, self.used_aliases)
                ^^^^^^^^^^^^^^^^^^^^^^^^^^^^^^^^^^^^^^^^
  File "E:\expense_tracker\venv\Lib\site-packages\django\db\models\sql\query.py", line 1641, in _add_q
    child_clause, needed_inner = self.build_filter(
                                 ^^^^^^^^^^^^^^^^^^
  File "E:\expense_tracker\venv\Lib\site-packages\django\db\models\sql\query.py", line 1555, in build_filter
    condition = self.build_lookup(lookups, col, value)
                ^^^^^^^^^^^^^^^^^^^^^^^^^^^^^^^^^^^^^^
  File "E:\expense_tracker\venv\Lib\site-packages\django\db\models\sql\query.py", line 1385, in build_lookup
    lookup = lookup_class(lhs, rhs)
             ^^^^^^^^^^^^^^^^^^^^^^
  File "E:\expense_tracker\venv\Lib\site-packages\django\db\models\lookups.py", line 30, in __init__
    self.rhs = self.get_prep_lookup()
               ^^^^^^^^^^^^^^^^^^^^^^
  File "E:\expense_tracker\venv\Lib\site-packages\django\db\models\fields\related_lookups.py", line 156, in get_prep_lookup
    self.rhs = target_field.get_prep_value(self.rhs)
               ^^^^^^^^^^^^^^^^^^^^^^^^^^^^^^^^^^^^^
  File "E:\expense_tracker\venv\Lib\site-packages\django\db\models\fields\__init__.py", line 2125, in get_prep_value
    raise e.__class__(
TypeError: Field 'id' expected a number but got <django.contrib.auth.models.AnonymousUser object at 0x000001F3F27086B0>.
[2025-03-10 11:49:52,134] INFO [accounts.views] Login failed: {'non_field_errors': [ErrorDetail(string='Wrong credentials.', code='invalid')]}
[2025-03-10 11:49:52,149] INFO [accounts.views] Login failed: {'username': [ErrorDetail(string='This field is required.', code='required')]}
[2025-03-10 11:49:54,244] INFO [accounts.views] Registration failed: {'email': [ErrorDetail(string='This field is required.', code='required')]}
[2025-03-10 11:49:54,261] INFO [accounts.views] Registration failed: {'password': [ErrorDetail(string="Password fields didn't match.", code='invalid')]}
[2025-03-10 11:53:39,954] INFO [django.utils.autoreload] E:\expense_tracker\expenses\views.py changed, reloading.
[2025-05-27 11:44:34,640] INFO [django.utils.autoreload] Watching for file changes with StatReloader
[2025-05-27 11:48:06,192] INFO [django.utils.autoreload] E:\expense_tracker\expenses\serializers.py changed, reloading.
[2025-05-27 11:48:08,020] INFO [django.utils.autoreload] Watching for file changes with StatReloader
[2025-05-27 11:48:22,095] INFO [django.utils.autoreload] E:\expense_tracker\expenses\views.py changed, reloading.
[2025-05-27 11:48:23,476] INFO [django.utils.autoreload] Watching for file changes with StatReloader
[2025-05-27 11:50:37,370] INFO [django.utils.autoreload] E:\expense_tracker\expenses\serializers.py changed, reloading.
[2025-05-27 11:50:39,189] INFO [django.utils.autoreload] Watching for file changes with StatReloader
[2025-05-27 11:50:46,109] INFO [django.utils.autoreload] E:\expense_tracker\expenses\views.py changed, reloading.
[2025-05-27 11:50:47,507] INFO [django.utils.autoreload] Watching for file changes with StatReloader
[2025-05-27 12:04:06,295] INFO [django.utils.autoreload] E:\expense_tracker\accounts\views.py changed, reloading.
[2025-05-27 12:04:08,186] INFO [django.utils.autoreload] Watching for file changes with StatReloader
[2025-05-27 12:04:13,120] INFO [django.utils.autoreload] E:\expense_tracker\expenses\views.py changed, reloading.
[2025-05-27 12:04:14,553] INFO [django.utils.autoreload] Watching for file changes with StatReloader
[2025-05-27 12:17:00,042] INFO [django.utils.autoreload] E:\expense_tracker\expenses\views.py changed, reloading.
[2025-05-27 12:17:02,002] INFO [django.utils.autoreload] Watching for file changes with StatReloader
[2025-05-27 12:18:16,767] INFO [django.utils.autoreload] E:\expense_tracker\expenses\views.py changed, reloading.
[2025-05-27 12:18:18,327] INFO [django.utils.autoreload] Watching for file changes with StatReloader
[2025-05-27 12:18:46,714] INFO [django.utils.autoreload] E:\expense_tracker\expenses\views.py changed, reloading.
[2025-05-27 12:18:48,245] INFO [django.utils.autoreload] Watching for file changes with StatReloader
[2025-05-27 12:18:52,361] INFO [django.utils.autoreload] E:\expense_tracker\expenses\views.py changed, reloading.
[2025-05-27 12:18:53,894] INFO [django.utils.autoreload] Watching for file changes with StatReloader
[2025-05-27 12:26:25,551] INFO [django.utils.autoreload] E:\expense_tracker\expenses\views.py changed, reloading.
[2025-05-27 12:26:27,062] INFO [django.utils.autoreload] Watching for file changes with StatReloader
[2025-05-27 12:27:50,676] INFO [django.utils.autoreload] E:\expense_tracker\expenses\views.py changed, reloading.
[2025-05-27 12:27:52,080] INFO [django.utils.autoreload] Watching for file changes with StatReloader
[2025-05-27 12:27:56,192] INFO [django.utils.autoreload] E:\expense_tracker\expenses\views.py changed, reloading.
[2025-05-27 12:27:57,647] INFO [django.utils.autoreload] Watching for file changes with StatReloader
[2025-05-27 12:27:59,892] INFO [django.utils.autoreload] E:\expense_tracker\expenses\views.py changed, reloading.
[2025-05-27 12:28:01,054] INFO [django.utils.autoreload] Watching for file changes with StatReloader
[2025-05-27 12:30:55,817] INFO [django.utils.autoreload] E:\expense_tracker\expenses\views.py changed, reloading.
[2025-05-27 12:30:57,168] INFO [django.utils.autoreload] Watching for file changes with StatReloader
[2025-05-27 12:31:10,167] INFO [django.utils.autoreload] E:\expense_tracker\expenses\views.py changed, reloading.
[2025-05-27 12:31:11,791] INFO [django.utils.autoreload] Watching for file changes with StatReloader
[2025-05-27 12:32:34,872] INFO [django.utils.autoreload] E:\expense_tracker\expenses\views.py changed, reloading.
[2025-05-27 12:32:36,380] INFO [django.utils.autoreload] Watching for file changes with StatReloader
[2025-05-27 12:32:40,537] ERROR [expenses.views] Error in ExpenseView.post: Error=ValueError('Cannot assign "<django.contrib.auth.models.AnonymousUser object at 0x000001857E0F6E10>": "Expense.user" must be a "User" instance.') type(Error)=<class 'ValueError'>
[2025-05-27 12:32:40,537] ERROR [django.request] Internal Server Error: /api/v1/expenses/
[2025-05-27 12:33:00,865] INFO [django.utils.autoreload] E:\expense_tracker\expenses\serializers.py changed, reloading.
[2025-05-27 12:33:02,336] INFO [django.utils.autoreload] Watching for file changes with StatReloader
[2025-05-27 12:33:22,073] INFO [django.utils.autoreload] E:\expense_tracker\expenses\views.py changed, reloading.
[2025-05-27 12:33:23,466] INFO [django.utils.autoreload] Watching for file changes with StatReloader
[2025-05-27 12:33:27,191] ERROR [expenses.views] Error in ExpenseView.post: Error=ValueError('Cannot assign "<django.contrib.auth.models.AnonymousUser object at 0x0000025A6C2EA1B0>": "Expense.user" must be a "User" instance.') type(Error)=<class 'ValueError'>
[2025-05-27 12:33:27,191] ERROR [django.request] Internal Server Error: /api/v1/expenses/
[2025-05-27 12:33:44,221] INFO [django.utils.autoreload] E:\expense_tracker\expenses\views.py changed, reloading.
[2025-05-27 12:33:45,379] INFO [django.utils.autoreload] Watching for file changes with StatReloader
[2025-05-27 12:33:50,883] INFO [django.utils.autoreload] E:\expense_tracker\expenses\views.py changed, reloading.
[2025-05-27 12:33:52,436] INFO [django.utils.autoreload] Watching for file changes with StatReloader
[2025-05-27 12:49:58,221] ERROR [django.request] Internal Server Error: /api/v1/expenses/5/
[2025-05-27 12:50:05,114] ERROR [django.request] Internal Server Error: /api/v1/expenses/
[2025-05-27 13:08:42,907] ERROR [django.request] Internal Server Error: /api/v1/expenses/5/
[2025-05-27 13:08:49,328] ERROR [django.request] Internal Server Error: /api/v1/expenses/
[2025-05-27 13:13:36,253] INFO [django.utils.autoreload] Watching for file changes with StatReloader
[2025-05-27 13:14:44,977] INFO [django.utils.autoreload] E:\expense_tracker\expense_tracker\settings.py changed, reloading.
[2025-05-27 13:14:46,214] INFO [django.utils.autoreload] Watching for file changes with StatReloader
[2025-05-27 13:14:51,706] INFO [django.utils.autoreload] E:\expense_tracker\expense_tracker\settings.py changed, reloading.
[2025-05-27 13:14:53,502] INFO [django.utils.autoreload] Watching for file changes with StatReloader
[2025-05-27 13:23:27,560] INFO [django.utils.autoreload] E:\expense_tracker\expenses\views.py changed, reloading.
[2025-05-27 13:23:28,910] INFO [django.utils.autoreload] Watching for file changes with StatReloader
[2025-05-27 13:23:45,348] INFO [django.utils.autoreload] E:\expense_tracker\expenses\views.py changed, reloading.
[2025-05-27 13:23:46,523] INFO [django.utils.autoreload] Watching for file changes with StatReloader
[2025-05-27 13:24:48,205] ERROR [django.request] Internal Server Error: /api/v1/expenses/5/
[2025-05-27 13:24:54,604] ERROR [django.request] Internal Server Error: /api/v1/expenses/
[2025-05-27 15:38:04,220] ERROR [django.request] Internal Server Error: /api/v1/expenses/5/
Traceback (most recent call last):
  File "E:\expense_tracker\expenses\views.py", line 21, in get_object
    expense = Expense.objects.get(pk=pk, user=self.request.user)
              ^^^^^^^^^^^^^^^^^^^^^^^^^^^^^^^^^^^^^^^^^^^^^^^^^^
  File "E:\expense_tracker\venv\Lib\site-packages\django\db\models\manager.py", line 87, in manager_method
    return getattr(self.get_queryset(), name)(*args, **kwargs)
           ^^^^^^^^^^^^^^^^^^^^^^^^^^^^^^^^^^^^^^^^^^^^^^^^^^^
  File "E:\expense_tracker\venv\Lib\site-packages\django\db\models\query.py", line 649, in get
    raise self.model.DoesNotExist(
expenses.models.Expense.DoesNotExist: Expense matching query does not exist.

During handling of the above exception, another exception occurred:

Traceback (most recent call last):
  File "E:\expense_tracker\expenses\views.py", line 28, in get
    queryset = self.get_object(pk)
               ^^^^^^^^^^^^^^^^^^^
  File "E:\expense_tracker\expenses\views.py", line 24, in get_object
    raise NotFound("Expense not found.")
rest_framework.exceptions.NotFound: Expense not found.

During handling of the above exception, another exception occurred:

Traceback (most recent call last):
  File "E:\expense_tracker\venv\Lib\site-packages\django\core\handlers\exception.py", line 55, in inner
    response = get_response(request)
               ^^^^^^^^^^^^^^^^^^^^^
  File "E:\expense_tracker\venv\Lib\site-packages\django\core\handlers\base.py", line 197, in _get_response
    response = wrapped_callback(request, *callback_args, **callback_kwargs)
               ^^^^^^^^^^^^^^^^^^^^^^^^^^^^^^^^^^^^^^^^^^^^^^^^^^^^^^^^^^^^
  File "E:\expense_tracker\venv\Lib\site-packages\django\views\decorators\csrf.py", line 65, in _view_wrapper
    return view_func(request, *args, **kwargs)
           ^^^^^^^^^^^^^^^^^^^^^^^^^^^^^^^^^^^
  File "E:\expense_tracker\venv\Lib\site-packages\django\views\generic\base.py", line 104, in view
    return self.dispatch(request, *args, **kwargs)
           ^^^^^^^^^^^^^^^^^^^^^^^^^^^^^^^^^^^^^^^
  File "E:\expense_tracker\venv\Lib\site-packages\rest_framework\views.py", line 509, in dispatch
    response = self.handle_exception(exc)
               ^^^^^^^^^^^^^^^^^^^^^^^^^^
  File "E:\expense_tracker\venv\Lib\site-packages\rest_framework\views.py", line 469, in handle_exception
    self.raise_uncaught_exception(exc)
  File "E:\expense_tracker\venv\Lib\site-packages\rest_framework\views.py", line 480, in raise_uncaught_exception
    raise exc
  File "E:\expense_tracker\venv\Lib\site-packages\rest_framework\views.py", line 506, in dispatch
    response = handler(request, *args, **kwargs)
               ^^^^^^^^^^^^^^^^^^^^^^^^^^^^^^^^^
  File "E:\expense_tracker\expenses\views.py", line 65, in get
    if not serializer.is_valid():
           ^^^^^^^^^^
UnboundLocalError: cannot access local variable 'serializer' where it is not associated with a value
[2025-05-27 15:38:11,433] ERROR [django.request] Internal Server Error: /api/v1/expenses/
Traceback (most recent call last):
  File "E:\expense_tracker\expenses\views.py", line 45, in get
    queryset = queryset.filter(date__range=[start_date, end_date])
               ^^^^^^^^^^^^^^^^^^^^^^^^^^^^^^^^^^^^^^^^^^^^^^^^^^^
  File "E:\expense_tracker\venv\Lib\site-packages\django\db\models\query.py", line 1476, in filter
    return self._filter_or_exclude(False, args, kwargs)
           ^^^^^^^^^^^^^^^^^^^^^^^^^^^^^^^^^^^^^^^^^^^^
  File "E:\expense_tracker\venv\Lib\site-packages\django\db\models\query.py", line 1494, in _filter_or_exclude
    clone._filter_or_exclude_inplace(negate, args, kwargs)
  File "E:\expense_tracker\venv\Lib\site-packages\django\db\models\query.py", line 1501, in _filter_or_exclude_inplace
    self._query.add_q(Q(*args, **kwargs))
  File "E:\expense_tracker\venv\Lib\site-packages\django\db\models\sql\query.py", line 1609, in add_q
    clause, _ = self._add_q(q_object, self.used_aliases)
                ^^^^^^^^^^^^^^^^^^^^^^^^^^^^^^^^^^^^^^^^
  File "E:\expense_tracker\venv\Lib\site-packages\django\db\models\sql\query.py", line 1641, in _add_q
    child_clause, needed_inner = self.build_filter(
                                 ^^^^^^^^^^^^^^^^^^
  File "E:\expense_tracker\venv\Lib\site-packages\django\db\models\sql\query.py", line 1555, in build_filter
    condition = self.build_lookup(lookups, col, value)
                ^^^^^^^^^^^^^^^^^^^^^^^^^^^^^^^^^^^^^^
  File "E:\expense_tracker\venv\Lib\site-packages\django\db\models\sql\query.py", line 1385, in build_lookup
    lookup = lookup_class(lhs, rhs)
             ^^^^^^^^^^^^^^^^^^^^^^
  File "E:\expense_tracker\venv\Lib\site-packages\django\db\models\lookups.py", line 30, in __init__
    self.rhs = self.get_prep_lookup()
               ^^^^^^^^^^^^^^^^^^^^^^
  File "E:\expense_tracker\venv\Lib\site-packages\django\db\models\lookups.py", line 304, in get_prep_lookup
    rhs_value = self.lhs.output_field.get_prep_value(rhs_value)
                ^^^^^^^^^^^^^^^^^^^^^^^^^^^^^^^^^^^^^^^^^^^^^^^
  File "E:\expense_tracker\venv\Lib\site-packages\django\db\models\fields\__init__.py", line 1531, in get_prep_value
    return self.to_python(value)
           ^^^^^^^^^^^^^^^^^^^^^
  File "E:\expense_tracker\venv\Lib\site-packages\django\db\models\fields\__init__.py", line 1497, in to_python
    raise exceptions.ValidationError(
django.core.exceptions.ValidationError: ['“invalid” value has an invalid date format. It must be in YYYY-MM-DD format.']

During handling of the above exception, another exception occurred:

Traceback (most recent call last):
  File "E:\expense_tracker\venv\Lib\site-packages\django\core\handlers\exception.py", line 55, in inner
    response = get_response(request)
               ^^^^^^^^^^^^^^^^^^^^^
  File "E:\expense_tracker\venv\Lib\site-packages\django\core\handlers\base.py", line 197, in _get_response
    response = wrapped_callback(request, *callback_args, **callback_kwargs)
               ^^^^^^^^^^^^^^^^^^^^^^^^^^^^^^^^^^^^^^^^^^^^^^^^^^^^^^^^^^^^
  File "E:\expense_tracker\venv\Lib\site-packages\django\views\decorators\csrf.py", line 65, in _view_wrapper
    return view_func(request, *args, **kwargs)
           ^^^^^^^^^^^^^^^^^^^^^^^^^^^^^^^^^^^
  File "E:\expense_tracker\venv\Lib\site-packages\django\views\generic\base.py", line 104, in view
    return self.dispatch(request, *args, **kwargs)
           ^^^^^^^^^^^^^^^^^^^^^^^^^^^^^^^^^^^^^^^
  File "E:\expense_tracker\venv\Lib\site-packages\rest_framework\views.py", line 509, in dispatch
    response = self.handle_exception(exc)
               ^^^^^^^^^^^^^^^^^^^^^^^^^^
  File "E:\expense_tracker\venv\Lib\site-packages\rest_framework\views.py", line 469, in handle_exception
    self.raise_uncaught_exception(exc)
  File "E:\expense_tracker\venv\Lib\site-packages\rest_framework\views.py", line 480, in raise_uncaught_exception
    raise exc
  File "E:\expense_tracker\venv\Lib\site-packages\rest_framework\views.py", line 506, in dispatch
    response = handler(request, *args, **kwargs)
               ^^^^^^^^^^^^^^^^^^^^^^^^^^^^^^^^^
  File "E:\expense_tracker\expenses\views.py", line 65, in get
    if not serializer.is_valid():
           ^^^^^^^^^^
UnboundLocalError: cannot access local variable 'serializer' where it is not associated with a value
[2025-05-27 15:41:17,428] ERROR [django.request] Internal Server Error: /api/v1/expenses/5/
Traceback (most recent call last):
  File "E:\expense_tracker\expenses\views.py", line 21, in get_object
    expense = Expense.objects.get(pk=pk, user=self.request.user)
              ^^^^^^^^^^^^^^^^^^^^^^^^^^^^^^^^^^^^^^^^^^^^^^^^^^
  File "E:\expense_tracker\venv\Lib\site-packages\django\db\models\manager.py", line 87, in manager_method
    return getattr(self.get_queryset(), name)(*args, **kwargs)
           ^^^^^^^^^^^^^^^^^^^^^^^^^^^^^^^^^^^^^^^^^^^^^^^^^^^
  File "E:\expense_tracker\venv\Lib\site-packages\django\db\models\query.py", line 649, in get
    raise self.model.DoesNotExist(
expenses.models.Expense.DoesNotExist: Expense matching query does not exist.

During handling of the above exception, another exception occurred:

Traceback (most recent call last):
  File "E:\expense_tracker\expenses\views.py", line 29, in get
    queryset = self.get_object(pk)
               ^^^^^^^^^^^^^^^^^^^
  File "E:\expense_tracker\expenses\views.py", line 24, in get_object
    raise NotFound("Expense not found.")
rest_framework.exceptions.NotFound: Expense not found.

During handling of the above exception, another exception occurred:

Traceback (most recent call last):
  File "E:\expense_tracker\venv\Lib\site-packages\django\core\handlers\exception.py", line 55, in inner
    response = get_response(request)
               ^^^^^^^^^^^^^^^^^^^^^
  File "E:\expense_tracker\venv\Lib\site-packages\django\core\handlers\base.py", line 197, in _get_response
    response = wrapped_callback(request, *callback_args, **callback_kwargs)
               ^^^^^^^^^^^^^^^^^^^^^^^^^^^^^^^^^^^^^^^^^^^^^^^^^^^^^^^^^^^^
  File "E:\expense_tracker\venv\Lib\site-packages\django\views\decorators\csrf.py", line 65, in _view_wrapper
    return view_func(request, *args, **kwargs)
           ^^^^^^^^^^^^^^^^^^^^^^^^^^^^^^^^^^^
  File "E:\expense_tracker\venv\Lib\site-packages\django\views\generic\base.py", line 104, in view
    return self.dispatch(request, *args, **kwargs)
           ^^^^^^^^^^^^^^^^^^^^^^^^^^^^^^^^^^^^^^^
  File "E:\expense_tracker\venv\Lib\site-packages\rest_framework\views.py", line 509, in dispatch
    response = self.handle_exception(exc)
               ^^^^^^^^^^^^^^^^^^^^^^^^^^
  File "E:\expense_tracker\venv\Lib\site-packages\rest_framework\views.py", line 469, in handle_exception
    self.raise_uncaught_exception(exc)
  File "E:\expense_tracker\venv\Lib\site-packages\rest_framework\views.py", line 480, in raise_uncaught_exception
    raise exc
  File "E:\expense_tracker\venv\Lib\site-packages\rest_framework\views.py", line 506, in dispatch
    response = handler(request, *args, **kwargs)
               ^^^^^^^^^^^^^^^^^^^^^^^^^^^^^^^^^
  File "E:\expense_tracker\expenses\views.py", line 66, in get
    if not serializer.is_valid():
           ^^^^^^^^^^^^^^^^^^^^^
  File "E:\expense_tracker\venv\Lib\site-packages\rest_framework\serializers.py", line 216, in is_valid
    assert hasattr(self, 'initial_data'), (
AssertionError: Cannot call `.is_valid()` as no `data=` keyword argument was passed when instantiating the serializer instance.
[2025-05-27 15:41:24,107] ERROR [django.request] Internal Server Error: /api/v1/expenses/
Traceback (most recent call last):
  File "E:\expense_tracker\expenses\views.py", line 46, in get
    queryset = queryset.filter(date__range=[start_date, end_date])
               ^^^^^^^^^^^^^^^^^^^^^^^^^^^^^^^^^^^^^^^^^^^^^^^^^^^
  File "E:\expense_tracker\venv\Lib\site-packages\django\db\models\query.py", line 1476, in filter
    return self._filter_or_exclude(False, args, kwargs)
           ^^^^^^^^^^^^^^^^^^^^^^^^^^^^^^^^^^^^^^^^^^^^
  File "E:\expense_tracker\venv\Lib\site-packages\django\db\models\query.py", line 1494, in _filter_or_exclude
    clone._filter_or_exclude_inplace(negate, args, kwargs)
  File "E:\expense_tracker\venv\Lib\site-packages\django\db\models\query.py", line 1501, in _filter_or_exclude_inplace
    self._query.add_q(Q(*args, **kwargs))
  File "E:\expense_tracker\venv\Lib\site-packages\django\db\models\sql\query.py", line 1609, in add_q
    clause, _ = self._add_q(q_object, self.used_aliases)
                ^^^^^^^^^^^^^^^^^^^^^^^^^^^^^^^^^^^^^^^^
  File "E:\expense_tracker\venv\Lib\site-packages\django\db\models\sql\query.py", line 1641, in _add_q
    child_clause, needed_inner = self.build_filter(
                                 ^^^^^^^^^^^^^^^^^^
  File "E:\expense_tracker\venv\Lib\site-packages\django\db\models\sql\query.py", line 1555, in build_filter
    condition = self.build_lookup(lookups, col, value)
                ^^^^^^^^^^^^^^^^^^^^^^^^^^^^^^^^^^^^^^
  File "E:\expense_tracker\venv\Lib\site-packages\django\db\models\sql\query.py", line 1385, in build_lookup
    lookup = lookup_class(lhs, rhs)
             ^^^^^^^^^^^^^^^^^^^^^^
  File "E:\expense_tracker\venv\Lib\site-packages\django\db\models\lookups.py", line 30, in __init__
    self.rhs = self.get_prep_lookup()
               ^^^^^^^^^^^^^^^^^^^^^^
  File "E:\expense_tracker\venv\Lib\site-packages\django\db\models\lookups.py", line 304, in get_prep_lookup
    rhs_value = self.lhs.output_field.get_prep_value(rhs_value)
                ^^^^^^^^^^^^^^^^^^^^^^^^^^^^^^^^^^^^^^^^^^^^^^^
  File "E:\expense_tracker\venv\Lib\site-packages\django\db\models\fields\__init__.py", line 1531, in get_prep_value
    return self.to_python(value)
           ^^^^^^^^^^^^^^^^^^^^^
  File "E:\expense_tracker\venv\Lib\site-packages\django\db\models\fields\__init__.py", line 1497, in to_python
    raise exceptions.ValidationError(
django.core.exceptions.ValidationError: ['“invalid” value has an invalid date format. It must be in YYYY-MM-DD format.']

During handling of the above exception, another exception occurred:

Traceback (most recent call last):
  File "E:\expense_tracker\venv\Lib\site-packages\django\core\handlers\exception.py", line 55, in inner
    response = get_response(request)
               ^^^^^^^^^^^^^^^^^^^^^
  File "E:\expense_tracker\venv\Lib\site-packages\django\core\handlers\base.py", line 197, in _get_response
    response = wrapped_callback(request, *callback_args, **callback_kwargs)
               ^^^^^^^^^^^^^^^^^^^^^^^^^^^^^^^^^^^^^^^^^^^^^^^^^^^^^^^^^^^^
  File "E:\expense_tracker\venv\Lib\site-packages\django\views\decorators\csrf.py", line 65, in _view_wrapper
    return view_func(request, *args, **kwargs)
           ^^^^^^^^^^^^^^^^^^^^^^^^^^^^^^^^^^^
  File "E:\expense_tracker\venv\Lib\site-packages\django\views\generic\base.py", line 104, in view
    return self.dispatch(request, *args, **kwargs)
           ^^^^^^^^^^^^^^^^^^^^^^^^^^^^^^^^^^^^^^^
  File "E:\expense_tracker\venv\Lib\site-packages\rest_framework\views.py", line 509, in dispatch
    response = self.handle_exception(exc)
               ^^^^^^^^^^^^^^^^^^^^^^^^^^
  File "E:\expense_tracker\venv\Lib\site-packages\rest_framework\views.py", line 469, in handle_exception
    self.raise_uncaught_exception(exc)
  File "E:\expense_tracker\venv\Lib\site-packages\rest_framework\views.py", line 480, in raise_uncaught_exception
    raise exc
  File "E:\expense_tracker\venv\Lib\site-packages\rest_framework\views.py", line 506, in dispatch
    response = handler(request, *args, **kwargs)
               ^^^^^^^^^^^^^^^^^^^^^^^^^^^^^^^^^
  File "E:\expense_tracker\expenses\views.py", line 66, in get
    if not serializer.is_valid():
           ^^^^^^^^^^^^^^^^^^^^^
  File "E:\expense_tracker\venv\Lib\site-packages\rest_framework\serializers.py", line 216, in is_valid
    assert hasattr(self, 'initial_data'), (
AssertionError: Cannot call `.is_valid()` as no `data=` keyword argument was passed when instantiating the serializer instance.
[2025-05-27 15:54:57,140] ERROR [expenses.views] Error in ExpenseView.get: e=NotFound('Expense not found.')
[2025-05-27 15:54:57,140] ERROR [django.request] Internal Server Error: /api/v1/expenses/5/
[2025-05-27 15:55:04,180] ERROR [expenses.views] Error in ExpenseView.get: e=ValidationError(['“invalid” value has an invalid date format. It must be in YYYY-MM-DD format.'])
[2025-05-27 15:55:04,180] ERROR [django.request] Internal Server Error: /api/v1/expenses/
[2025-05-27 16:05:56,387] ERROR [django.request] Internal Server Error: /api/v1/expenses/5/
Traceback (most recent call last):
  File "E:\expense_tracker\expenses\views.py", line 21, in get_object
    expense = Expense.objects.get(pk=pk, user=self.request.user)
              ^^^^^^^^^^^^^^^^^^^^^^^^^^^^^^^^^^^^^^^^^^^^^^^^^^
  File "E:\expense_tracker\venv\Lib\site-packages\django\db\models\manager.py", line 87, in manager_method
    return getattr(self.get_queryset(), name)(*args, **kwargs)
           ^^^^^^^^^^^^^^^^^^^^^^^^^^^^^^^^^^^^^^^^^^^^^^^^^^^
  File "E:\expense_tracker\venv\Lib\site-packages\django\db\models\query.py", line 649, in get
    raise self.model.DoesNotExist(
expenses.models.Expense.DoesNotExist: Expense matching query does not exist.

During handling of the above exception, another exception occurred:

Traceback (most recent call last):
  File "E:\expense_tracker\expenses\views.py", line 28, in get
    queryset = self.get_object(pk)
               ^^^^^^^^^^^^^^^^^^^
  File "E:\expense_tracker\expenses\views.py", line 24, in get_object
    raise NotFound("Expense not found.")
rest_framework.exceptions.NotFound: Expense not found.

During handling of the above exception, another exception occurred:

Traceback (most recent call last):
  File "E:\expense_tracker\venv\Lib\site-packages\django\core\handlers\exception.py", line 55, in inner
    response = get_response(request)
               ^^^^^^^^^^^^^^^^^^^^^
  File "E:\expense_tracker\venv\Lib\site-packages\django\core\handlers\base.py", line 197, in _get_response
    response = wrapped_callback(request, *callback_args, **callback_kwargs)
               ^^^^^^^^^^^^^^^^^^^^^^^^^^^^^^^^^^^^^^^^^^^^^^^^^^^^^^^^^^^^
  File "E:\expense_tracker\venv\Lib\site-packages\django\views\decorators\csrf.py", line 65, in _view_wrapper
    return view_func(request, *args, **kwargs)
           ^^^^^^^^^^^^^^^^^^^^^^^^^^^^^^^^^^^
  File "E:\expense_tracker\venv\Lib\site-packages\django\views\generic\base.py", line 104, in view
    return self.dispatch(request, *args, **kwargs)
           ^^^^^^^^^^^^^^^^^^^^^^^^^^^^^^^^^^^^^^^
  File "E:\expense_tracker\venv\Lib\site-packages\rest_framework\views.py", line 509, in dispatch
    response = self.handle_exception(exc)
               ^^^^^^^^^^^^^^^^^^^^^^^^^^
  File "E:\expense_tracker\venv\Lib\site-packages\rest_framework\views.py", line 469, in handle_exception
    self.raise_uncaught_exception(exc)
  File "E:\expense_tracker\venv\Lib\site-packages\rest_framework\views.py", line 480, in raise_uncaught_exception
    raise exc
  File "E:\expense_tracker\venv\Lib\site-packages\rest_framework\views.py", line 506, in dispatch
    response = handler(request, *args, **kwargs)
               ^^^^^^^^^^^^^^^^^^^^^^^^^^^^^^^^^
  File "E:\expense_tracker\expenses\views.py", line 63, in get
    except e:
           ^
UnboundLocalError: cannot access local variable 'e' where it is not associated with a value
[2025-05-27 16:06:03,534] ERROR [django.request] Internal Server Error: /api/v1/expenses/
Traceback (most recent call last):
  File "E:\expense_tracker\expenses\views.py", line 45, in get
    queryset = queryset.filter(date__range=[start_date, end_date])
               ^^^^^^^^^^^^^^^^^^^^^^^^^^^^^^^^^^^^^^^^^^^^^^^^^^^
  File "E:\expense_tracker\venv\Lib\site-packages\django\db\models\query.py", line 1476, in filter
    return self._filter_or_exclude(False, args, kwargs)
           ^^^^^^^^^^^^^^^^^^^^^^^^^^^^^^^^^^^^^^^^^^^^
  File "E:\expense_tracker\venv\Lib\site-packages\django\db\models\query.py", line 1494, in _filter_or_exclude
    clone._filter_or_exclude_inplace(negate, args, kwargs)
  File "E:\expense_tracker\venv\Lib\site-packages\django\db\models\query.py", line 1501, in _filter_or_exclude_inplace
    self._query.add_q(Q(*args, **kwargs))
  File "E:\expense_tracker\venv\Lib\site-packages\django\db\models\sql\query.py", line 1609, in add_q
    clause, _ = self._add_q(q_object, self.used_aliases)
                ^^^^^^^^^^^^^^^^^^^^^^^^^^^^^^^^^^^^^^^^
  File "E:\expense_tracker\venv\Lib\site-packages\django\db\models\sql\query.py", line 1641, in _add_q
    child_clause, needed_inner = self.build_filter(
                                 ^^^^^^^^^^^^^^^^^^
  File "E:\expense_tracker\venv\Lib\site-packages\django\db\models\sql\query.py", line 1555, in build_filter
    condition = self.build_lookup(lookups, col, value)
                ^^^^^^^^^^^^^^^^^^^^^^^^^^^^^^^^^^^^^^
  File "E:\expense_tracker\venv\Lib\site-packages\django\db\models\sql\query.py", line 1385, in build_lookup
    lookup = lookup_class(lhs, rhs)
             ^^^^^^^^^^^^^^^^^^^^^^
  File "E:\expense_tracker\venv\Lib\site-packages\django\db\models\lookups.py", line 30, in __init__
    self.rhs = self.get_prep_lookup()
               ^^^^^^^^^^^^^^^^^^^^^^
  File "E:\expense_tracker\venv\Lib\site-packages\django\db\models\lookups.py", line 304, in get_prep_lookup
    rhs_value = self.lhs.output_field.get_prep_value(rhs_value)
                ^^^^^^^^^^^^^^^^^^^^^^^^^^^^^^^^^^^^^^^^^^^^^^^
  File "E:\expense_tracker\venv\Lib\site-packages\django\db\models\fields\__init__.py", line 1531, in get_prep_value
    return self.to_python(value)
           ^^^^^^^^^^^^^^^^^^^^^
  File "E:\expense_tracker\venv\Lib\site-packages\django\db\models\fields\__init__.py", line 1497, in to_python
    raise exceptions.ValidationError(
django.core.exceptions.ValidationError: ['“invalid” value has an invalid date format. It must be in YYYY-MM-DD format.']

During handling of the above exception, another exception occurred:

Traceback (most recent call last):
  File "E:\expense_tracker\venv\Lib\site-packages\django\core\handlers\exception.py", line 55, in inner
    response = get_response(request)
               ^^^^^^^^^^^^^^^^^^^^^
  File "E:\expense_tracker\venv\Lib\site-packages\django\core\handlers\base.py", line 197, in _get_response
    response = wrapped_callback(request, *callback_args, **callback_kwargs)
               ^^^^^^^^^^^^^^^^^^^^^^^^^^^^^^^^^^^^^^^^^^^^^^^^^^^^^^^^^^^^
  File "E:\expense_tracker\venv\Lib\site-packages\django\views\decorators\csrf.py", line 65, in _view_wrapper
    return view_func(request, *args, **kwargs)
           ^^^^^^^^^^^^^^^^^^^^^^^^^^^^^^^^^^^
  File "E:\expense_tracker\venv\Lib\site-packages\django\views\generic\base.py", line 104, in view
    return self.dispatch(request, *args, **kwargs)
           ^^^^^^^^^^^^^^^^^^^^^^^^^^^^^^^^^^^^^^^
  File "E:\expense_tracker\venv\Lib\site-packages\rest_framework\views.py", line 509, in dispatch
    response = self.handle_exception(exc)
               ^^^^^^^^^^^^^^^^^^^^^^^^^^
  File "E:\expense_tracker\venv\Lib\site-packages\rest_framework\views.py", line 469, in handle_exception
    self.raise_uncaught_exception(exc)
  File "E:\expense_tracker\venv\Lib\site-packages\rest_framework\views.py", line 480, in raise_uncaught_exception
    raise exc
  File "E:\expense_tracker\venv\Lib\site-packages\rest_framework\views.py", line 506, in dispatch
    response = handler(request, *args, **kwargs)
               ^^^^^^^^^^^^^^^^^^^^^^^^^^^^^^^^^
  File "E:\expense_tracker\expenses\views.py", line 63, in get
    except e:
           ^
UnboundLocalError: cannot access local variable 'e' where it is not associated with a value
[2025-05-27 16:08:06,524] ERROR [expenses.views] Not found error in ExpenseView.get: e=NotFound('Expense not found.')
[2025-05-27 16:08:13,094] ERROR [expenses.views] Error in ExpenseView.get: e=ValidationError(['“invalid” value has an invalid date format. It must be in YYYY-MM-DD format.'])
[2025-05-27 16:08:13,094] ERROR [django.request] Internal Server Error: /api/v1/expenses/
[2025-05-27 16:20:39,359] ERROR [expenses.views] Not found error in ExpenseView.get: e=NotFound('Expense not found.')
[2025-05-27 16:20:45,822] ERROR [expenses.views] Validation error in ExpenseView.get: e=ValidationError('Invalid date format. Use YYYY-MM-DD format for dates.')
[2025-05-27 16:23:49,981] ERROR [expenses.views] Not found error in ExpenseView.get: e=NotFound('Expense not found.')
[2025-05-27 16:23:56,206] ERROR [expenses.views] Validation error in ExpenseView.get: e=ValidationError('Invalid date format. Use YYYY-MM-DD format for dates.')
[2025-05-27 17:45:22,537] ERROR [expenses.views] Unexpected error in get: ExpenseView.get() got an unexpected keyword argument 'expense'
Traceback (most recent call last):
  File "E:\expense_tracker\expenses\views.py", line 26, in wrapper
    return func(self, request, *args, **kwargs)
           ^^^^^^^^^^^^^^^^^^^^^^^^^^^^^^^^^^^^
TypeError: ExpenseView.get() got an unexpected keyword argument 'expense'
[2025-05-27 17:45:22,537] ERROR [django.request] Internal Server Error: /api/v1/expenses/42/
[2025-05-27 18:22:37,733] ERROR [expenses.views] Unexpected error in get: 'QuerySet' object has no attribute 'user'
Traceback (most recent call last):
  File "E:\expense_tracker\expenses\views.py", line 22, in wrapper
    if expense.user != request.user:
       ^^^^^^^^^^^^
AttributeError: 'QuerySet' object has no attribute 'user'
[2025-05-27 18:22:37,733] ERROR [django.request] Internal Server Error: /api/v1/expenses/5/
[2025-05-27 18:22:41,794] ERROR [expenses.views] Unexpected error in delete: 'QuerySet' object has no attribute 'user'
Traceback (most recent call last):
  File "E:\expense_tracker\expenses\views.py", line 22, in wrapper
    if expense.user != request.user:
       ^^^^^^^^^^^^
AttributeError: 'QuerySet' object has no attribute 'user'
[2025-05-27 18:22:41,794] ERROR [django.request] Internal Server Error: /api/v1/expenses/12/
[2025-05-27 18:22:43,754] ERROR [expenses.views] Unexpected error in get: ExpenseView.get() missing 1 required positional argument: 'expense'
Traceback (most recent call last):
  File "E:\expense_tracker\expenses\views.py", line 26, in wrapper
    return func(self, request, *args, **kwargs)
           ^^^^^^^^^^^^^^^^^^^^^^^^^^^^^^^^^^^^
TypeError: ExpenseView.get() missing 1 required positional argument: 'expense'
[2025-05-27 18:22:43,754] ERROR [django.request] Internal Server Error: /api/v1/expenses/
[2025-05-27 18:22:45,886] ERROR [expenses.views] Unexpected error in get: ExpenseView.get() missing 1 required positional argument: 'expense'
Traceback (most recent call last):
  File "E:\expense_tracker\expenses\views.py", line 26, in wrapper
    return func(self, request, *args, **kwargs)
           ^^^^^^^^^^^^^^^^^^^^^^^^^^^^^^^^^^^^
TypeError: ExpenseView.get() missing 1 required positional argument: 'expense'
[2025-05-27 18:22:45,902] ERROR [django.request] Internal Server Error: /api/v1/expenses/
[2025-05-27 18:22:48,034] ERROR [expenses.views] Unexpected error in get: ExpenseView.get() missing 1 required positional argument: 'expense'
Traceback (most recent call last):
  File "E:\expense_tracker\expenses\views.py", line 26, in wrapper
    return func(self, request, *args, **kwargs)
           ^^^^^^^^^^^^^^^^^^^^^^^^^^^^^^^^^^^^
TypeError: ExpenseView.get() missing 1 required positional argument: 'expense'
[2025-05-27 18:22:48,049] ERROR [django.request] Internal Server Error: /api/v1/expenses/
[2025-05-27 18:22:50,308] ERROR [expenses.views] Unexpected error in get: ExpenseView.get() missing 1 required positional argument: 'expense'
Traceback (most recent call last):
  File "E:\expense_tracker\expenses\views.py", line 26, in wrapper
    return func(self, request, *args, **kwargs)
           ^^^^^^^^^^^^^^^^^^^^^^^^^^^^^^^^^^^^
TypeError: ExpenseView.get() missing 1 required positional argument: 'expense'
[2025-05-27 18:22:50,308] ERROR [django.request] Internal Server Error: /api/v1/expenses/
[2025-05-27 18:22:52,524] ERROR [expenses.views] Unexpected error in get: ExpenseView.get() missing 1 required positional argument: 'expense'
Traceback (most recent call last):
  File "E:\expense_tracker\expenses\views.py", line 26, in wrapper
    return func(self, request, *args, **kwargs)
           ^^^^^^^^^^^^^^^^^^^^^^^^^^^^^^^^^^^^
TypeError: ExpenseView.get() missing 1 required positional argument: 'expense'
[2025-05-27 18:22:52,524] ERROR [django.request] Internal Server Error: /api/v1/expenses/
[2025-05-27 18:22:54,636] ERROR [expenses.views] Unexpected error in get: 'QuerySet' object has no attribute 'user'
Traceback (most recent call last):
  File "E:\expense_tracker\expenses\views.py", line 22, in wrapper
    if expense.user != request.user:
       ^^^^^^^^^^^^
AttributeError: 'QuerySet' object has no attribute 'user'
[2025-05-27 18:22:54,636] ERROR [django.request] Internal Server Error: /api/v1/expenses/42/
[2025-05-27 18:22:56,798] ERROR [expenses.views] Unexpected error in get: ExpenseView.get() missing 1 required positional argument: 'expense'
Traceback (most recent call last):
  File "E:\expense_tracker\expenses\views.py", line 26, in wrapper
    return func(self, request, *args, **kwargs)
           ^^^^^^^^^^^^^^^^^^^^^^^^^^^^^^^^^^^^
TypeError: ExpenseView.get() missing 1 required positional argument: 'expense'
[2025-05-27 18:22:56,798] ERROR [django.request] Internal Server Error: /api/v1/expenses/
[2025-05-27 18:22:58,886] ERROR [expenses.views] Unexpected error in put: 'QuerySet' object has no attribute 'user'
Traceback (most recent call last):
  File "E:\expense_tracker\expenses\views.py", line 22, in wrapper
    if expense.user != request.user:
       ^^^^^^^^^^^^
AttributeError: 'QuerySet' object has no attribute 'user'
[2025-05-27 18:22:58,886] ERROR [django.request] Internal Server Error: /api/v1/expenses/52/
[2025-05-27 18:27:00,595] ERROR [expenses.views] Unexpected error in get: ExpenseView.get() got an unexpected keyword argument 'expense'
Traceback (most recent call last):
  File "E:\expense_tracker\expenses\views.py", line 26, in wrapper
    return func(self, request, *args, **kwargs)
           ^^^^^^^^^^^^^^^^^^^^^^^^^^^^^^^^^^^^
TypeError: ExpenseView.get() got an unexpected keyword argument 'expense'
[2025-05-27 18:27:00,595] ERROR [django.request] Internal Server Error: /api/v1/expenses/42/
[2025-05-27 18:32:03,998] ERROR [expenses.views] Unexpected error in get: ExpenseView.get() missing 1 required positional argument: 'expense'
Traceback (most recent call last):
  File "E:\expense_tracker\expenses\views.py", line 26, in wrapper
    return func(self, request, *args, **kwargs)
           ^^^^^^^^^^^^^^^^^^^^^^^^^^^^^^^^^^^^
TypeError: ExpenseView.get() missing 1 required positional argument: 'expense'
[2025-05-27 18:32:03,998] ERROR [django.request] Internal Server Error: /api/v1/expenses/
[2025-05-27 18:32:06,647] ERROR [expenses.views] Unexpected error in get: ExpenseView.get() missing 1 required positional argument: 'expense'
Traceback (most recent call last):
  File "E:\expense_tracker\expenses\views.py", line 26, in wrapper
    return func(self, request, *args, **kwargs)
           ^^^^^^^^^^^^^^^^^^^^^^^^^^^^^^^^^^^^
TypeError: ExpenseView.get() missing 1 required positional argument: 'expense'
[2025-05-27 18:32:06,647] ERROR [django.request] Internal Server Error: /api/v1/expenses/
[2025-05-27 18:32:09,095] ERROR [expenses.views] Unexpected error in get: ExpenseView.get() missing 1 required positional argument: 'expense'
Traceback (most recent call last):
  File "E:\expense_tracker\expenses\views.py", line 26, in wrapper
    return func(self, request, *args, **kwargs)
           ^^^^^^^^^^^^^^^^^^^^^^^^^^^^^^^^^^^^
TypeError: ExpenseView.get() missing 1 required positional argument: 'expense'
[2025-05-27 18:32:09,095] ERROR [django.request] Internal Server Error: /api/v1/expenses/
[2025-05-27 18:32:11,100] ERROR [expenses.views] Unexpected error in get: ExpenseView.get() missing 1 required positional argument: 'expense'
Traceback (most recent call last):
  File "E:\expense_tracker\expenses\views.py", line 26, in wrapper
    return func(self, request, *args, **kwargs)
           ^^^^^^^^^^^^^^^^^^^^^^^^^^^^^^^^^^^^
TypeError: ExpenseView.get() missing 1 required positional argument: 'expense'
[2025-05-27 18:32:11,100] ERROR [django.request] Internal Server Error: /api/v1/expenses/
[2025-05-27 18:32:13,076] ERROR [expenses.views] Unexpected error in get: ExpenseView.get() missing 1 required positional argument: 'expense'
Traceback (most recent call last):
  File "E:\expense_tracker\expenses\views.py", line 26, in wrapper
    return func(self, request, *args, **kwargs)
           ^^^^^^^^^^^^^^^^^^^^^^^^^^^^^^^^^^^^
TypeError: ExpenseView.get() missing 1 required positional argument: 'expense'
[2025-05-27 18:32:13,076] ERROR [django.request] Internal Server Error: /api/v1/expenses/
[2025-05-27 18:32:17,263] ERROR [expenses.views] Unexpected error in get: ExpenseView.get() missing 1 required positional argument: 'expense'
Traceback (most recent call last):
  File "E:\expense_tracker\expenses\views.py", line 26, in wrapper
    return func(self, request, *args, **kwargs)
           ^^^^^^^^^^^^^^^^^^^^^^^^^^^^^^^^^^^^
TypeError: ExpenseView.get() missing 1 required positional argument: 'expense'
[2025-05-27 18:32:17,263] ERROR [django.request] Internal Server Error: /api/v1/expenses/
[2025-05-28 18:43:16,855] INFO [django.utils.autoreload] Watching for file changes with StatReloader
[2025-05-28 18:46:13,622] INFO [django.utils.autoreload] Watching for file changes with StatReloader
[2025-05-30 18:16:30,310] INFO [django.utils.autoreload] Watching for file changes with StatReloader
